RANK	SNP_ID	BETA_ABS
1	geno 449	0.006767697397839986
2	geno 154	0.006090343667988633
3	geno 633	0.005895790638675698
4	geno 396	0.00583822690597061
5	geno 291	0.005797981435122525
6	geno 448	0.005597577773823511
7	geno 679	0.005545305332388818
8	geno 787	0.005376362778650938
9	geno 492	0.005278388449484189
10	geno 820	0.005177921914776612
11	geno 437	0.005156228572319753
12	geno 940	0.005104768923117188
13	geno 608	0.004946645321007972
14	geno 309	0.004836989987187431
15	geno 938	0.004816563790262458
16	geno 840	0.004721240761219489
17	geno 716	0.004674252576745477
18	geno 607	0.004596183835014765
19	geno 622	0.004589686095616185
20	geno 939	0.00457868483660389
21	geno 584	0.004573867206484877
22	geno 974	0.0045464112071118236
23	geno 441	0.004538055631074641
24	geno 776	0.004508500557391413
25	geno 432	0.00449783791717715
26	geno 412	0.004495762816598303
27	geno 404	0.004457607037220429
28	geno 648	0.004455091053030557
29	geno 799	0.004452218555763825
30	geno 725	0.004398389217258277
31	geno 624	0.004380062709213768
32	geno 724	0.004373959935792745
33	geno 423	0.004350766903701193
34	geno 402	0.0043216830339207635
35	geno 825	0.004290062527293974
36	geno 429	0.004285244636338332
37	geno 471	0.004239192693363273
38	geno 689	0.004223119964684448
39	geno 759	0.00422240255262597
40	geno 625	0.004191471106602742
41	geno 769	0.00418574503347304
42	geno 930	0.004185519229541011
43	geno 774	0.004176331282369609
44	geno 822	0.0041634857538722925
45	geno 542	0.004152665810445091
46	geno 634	0.0040998073012548444
47	geno 553	0.004046298904016622
48	geno 653	0.004031898221072031
49	geno 880	0.0040273761936882755
50	geno 616	0.004011903516184963
51	geno 615	0.0040064196376182965
52	geno 585	0.004001771530825859
53	geno 536	0.003995438845603724
54	geno 431	0.003992315947483222
55	geno 871	0.003965557583853216
56	geno 366	0.003961334220130661
57	geno 97	0.003932411186508466
58	geno 691	0.003915630666144287
59	geno 652	0.0038886282657682584
60	geno 695	0.003884129197647991
61	geno 894	0.003811385269496544
62	geno 450	0.003796480180204568
63	geno 405	0.003772103107787455
64	geno 828	0.003766776224998971
65	geno 925	0.0037533331518068303
66	geno 406	0.0037358585954817875
67	geno 24	0.0037127078676040784
68	geno 442	0.003711956887457173
69	geno 176	0.003707852180689655
70	geno 918	0.00369986952076919
71	geno 308	0.0036844858541085265
72	geno 682	0.0036592979875814326
73	geno 39	0.00365673255575462
74	geno 928	0.00362169983903789
75	geno 768	0.0035858539083899604
76	geno 95	0.00355933544617065
77	geno 788	0.003551891873777746
78	geno 523	0.0035481138067275666
79	geno 814	0.0035479981649705382
80	geno 435	0.0035205870911318112
81	geno 707	0.0034777584419946883
82	geno 558	0.0034742111495499072
83	geno 734	0.0034728611600055967
84	geno 826	0.0034255390471400714
85	geno 630	0.003408000549194188
86	geno 403	0.0034069913561736434
87	geno 971	0.003369753599421288
88	geno 434	0.0033632609725727427
89	geno 618	0.0033626296282665085
90	geno 796	0.003347163612061754
91	geno 680	0.003330182723162602
92	geno 937	0.0033199299278138415
93	geno 14	0.0033179082278481254
94	geno 532	0.003314564259539905
95	geno 916	0.0033064728977754963
96	geno 878	0.0033008598875755276
97	geno 552	0.0032779613333882617
98	geno 972	0.0032732950416887313
99	geno 970	0.003219579688846587
100	geno 514	0.003218026245672925
101	geno 932	0.003213167556341959
102	geno 635	0.0031711559796092853
103	geno 595	0.0031673115948377293
104	geno 481	0.0031658469293234354
105	geno 824	0.003153713914296595
106	geno 975	0.003136245218633106
107	geno 90	0.0031339633705185204
108	geno 643	0.0031311682625484406
109	geno 703	0.0031265972273302003
110	geno 94	0.003114409339959727
111	geno 821	0.0031088286157328767
112	geno 525	0.0030809500939928745
113	geno 697	0.0030722307783422158
114	geno 791	0.003058632018642094
115	geno 465	0.0030488249377789156
116	geno 917	0.003033329516167285
117	geno 706	0.0030231891250050665
118	geno 800	0.0030102992494731706
119	geno 215	0.0030052519372059687
120	geno 942	0.0029892839218347584
121	geno 957	0.002989139826373414
122	geno 933	0.002981532138399117
123	geno 620	0.0029762099689251793
124	geno 606	0.002974723037298101
125	geno 288	0.002973084297136797
126	geno 218	0.0029662402573732184
127	geno 860	0.0029382469566908613
128	geno 28	0.0029325367984671543
129	geno 483	0.0029279823993140696
130	geno 702	0.0029259221329047632
131	geno 531	0.0029063595210219125
132	geno 561	0.002905176990190231
133	geno 472	0.002898442176122015
134	geno 15	0.002892970623542779
135	geno 508	0.0028904607579730806
136	geno 46	0.0028758412276166326
137	geno 911	0.0028702731773223647
138	geno 830	0.0028538098248904334
139	geno 931	0.0028529878678677954
140	geno 410	0.0028518914340523
141	geno 631	0.0028479400477239686
142	geno 823	0.0028407236633940843
143	geno 424	0.0028402491186864886
144	geno 122	0.002832625192657075
145	geno 69	0.0028143628660843
146	geno 664	0.0027948340879983373
147	geno 543	0.002792264287540986
148	geno 170	0.0027651780067122315
149	geno 866	0.0027580154685593146
150	geno 20	0.002748621596369094
151	geno 752	0.002740488676861009
152	geno 604	0.0027393112243715998
153	geno 583	0.0027390817647057132
154	geno 762	0.0027083985485729474
155	geno 727	0.002704141537791977
156	geno 484	0.0026966136291643183
157	geno 171	0.0026939434933248296
158	geno 488	0.002688185124425305
159	geno 38	0.002687133201644823
160	geno 2	0.0026736885431558393
161	geno 557	0.002665397394099006
162	geno 810	0.002664499763346581
163	geno 831	0.0026609347315535467
164	geno 414	0.0026548806174017184
165	geno 124	0.0026541572519942673
166	geno 439	0.002646899947267908
167	geno 485	0.002637207342916023
168	geno 816	0.0026350357739625316
169	geno 965	0.002619004198501766
170	geno 765	0.002610983603662315
171	geno 436	0.0025976097978869994
172	geno 732	0.0025804564606836068
173	geno 267	0.0025791716595710353
174	geno 411	0.0025733363075014708
175	geno 767	0.0025732836843286606
176	geno 397	0.002564437726365951
177	geno 159	0.002563900556708135
178	geno 272	0.002563896817540584
179	geno 934	0.002557540379831077
180	geno 775	0.002553908191915602
181	geno 855	0.002551899544443327
182	geno 815	0.0025472519266274128
183	geno 789	0.0025450091673517874
184	geno 976	0.002539217821047418
185	geno 433	0.0025339907177418094
186	geno 906	0.00252615734666163
187	geno 728	0.0025248919423369242
188	geno 588	0.002521754157059395
189	geno 881	0.002521396654398707
190	geno 44	0.0025147469176520667
191	geno 447	0.002514058863380157
192	geno 666	0.0025060588039348447
193	geno 844	0.002498893665624246
194	geno 48	0.0024966455505841772
195	geno 913	0.0024808060899217375
196	geno 818	0.0024804179982298303
197	geno 430	0.0024757530621096237
198	geno 921	0.0024747855584946704
199	geno 212	0.002473151428100905
200	geno 681	0.0024706253527084047
201	geno 505	0.002469505636273385
202	geno 592	0.0024676707312126615
203	geno 794	0.0024669416670209535
204	geno 905	0.002458430397112733
205	geno 694	0.0024562144794065817
206	geno 632	0.00245131216629666
207	geno 817	0.0024398312943805455
208	geno 798	0.002433224934604808
209	geno 743	0.0024322814289177395
210	geno 418	0.0024316084093463225
211	geno 761	0.002426389365505875
212	geno 778	0.002425997980666307
213	geno 949	0.002417592813314657
214	geno 153	0.002414131502909382
215	geno 900	0.0023993349061883227
216	geno 601	0.0023981901046151734
217	geno 784	0.0023962228125275343
218	geno 416	0.0023865144893609174
219	geno 755	0.0023857930687761226
220	geno 690	0.0023771531360543712
221	geno 319	0.0023762068593992007
222	geno 722	0.002371327939189347
223	geno 271	0.002362036454971914
224	geno 623	0.0023543210914560506
225	geno 470	0.002342405379172129
226	geno 745	0.002328752434553863
227	geno 323	0.0023257880692567267
228	geno 533	0.0023255195676065944
229	geno 782	0.0023035553909961184
230	geno 594	0.0022925602331361804
231	geno 887	0.002287125200111075
232	geno 670	0.002285889409673658
233	geno 452	0.0022818711609115323
234	geno 234	0.0022811293740319337
235	geno 730	0.002275014168841312
236	geno 123	0.002272910415652623
237	geno 621	0.0022706666895281804
238	geno 947	0.0022385705782238248
239	geno 613	0.002225768762698553
240	geno 96	0.0022232148725799122
241	geno 373	0.0022163442171316172
242	geno 420	0.00220764768969734
243	geno 163	0.002190895437729028
244	geno 642	0.002175667104980472
245	geno 407	0.002174101573823732
246	geno 892	0.0021666351552997965
247	geno 839	0.0021631849865519173
248	geno 797	0.0021623796922742022
249	geno 521	0.002159186819306805
250	geno 640	0.002148708914823844
251	geno 455	0.00214682290327933
252	geno 575	0.002146599866823167
253	geno 908	0.0021239213971280067
254	geno 21	0.0021237191139429454
255	geno 893	0.00212369358194432
256	geno 600	0.002118441409596907
257	geno 672	0.0021129241799294337
258	geno 363	0.002090980190604843
259	geno 164	0.0020836990104765563
260	geno 478	0.002065648941915199
261	geno 214	0.0020649555359913124
262	geno 609	0.002060970704549076
263	geno 858	0.002057371352559191
264	geno 973	0.0020551366120057785
265	geno 638	0.0020539827604640743
266	geno 969	0.0020513322269432254
267	geno 644	0.0020493131666127077
268	geno 473	0.002042012882260855
269	geno 717	0.0020290875070834145
270	geno 692	0.002026496066443156
271	geno 952	0.0020174875555370713
272	geno 777	0.0020027083544627566
273	geno 76	0.002002096403907082
274	geno 628	0.0019921200500828363
275	geno 371	0.0019811672087392865
276	geno 362	0.001972368885512847
277	geno 192	0.0019718041336612376
278	geno 443	0.001970190701739451
279	geno 587	0.0019522304385483794
280	geno 699	0.0019518655213370136
281	geno 321	0.0019498897372930112
282	geno 581	0.0019475972408548351
283	geno 37	0.001946707599797344
284	geno 538	0.0019429154148190206
285	geno 451	0.0019344135328257755
286	geno 946	0.0019258553530190836
287	geno 486	0.0019251290562881916
288	geno 749	0.0019219859654322625
289	geno 27	0.0019215479183028795
290	geno 246	0.0019174685140863588
291	geno 647	0.0019146928446403641
292	geno 833	0.0018989330301302243
293	geno 89	0.0018987984061028217
294	geno 593	0.0018964633957970665
295	geno 746	0.0018922303942922145
296	geno 842	0.0018887142540189666
297	geno 591	0.0018880957640091886
298	geno 662	0.001884030603286909
299	geno 108	0.001883123904400949
300	geno 32	0.001873231573699113
301	geno 597	0.001871962737629576
302	geno 801	0.0018708473016427623
303	geno 334	0.0018660386499974567
304	geno 35	0.00185903273947964
305	geno 865	0.0018539647877635122
306	geno 413	0.001851477670146819
307	geno 456	0.0018457834641489928
308	geno 493	0.0018452369408024332
309	geno 387	0.0018415749745457246
310	geno 564	0.0018353629274442554
311	geno 68	0.0018325762949984309
312	geno 227	0.0018301897674365384
313	geno 428	0.0018264095703579928
314	geno 772	0.0018257661948063715
315	geno 509	0.0018247058701241741
316	geno 841	0.0018145995226602697
317	geno 36	0.0018144501416942035
318	geno 517	0.0018056589875086223
319	geno 541	0.001803794161095322
320	geno 846	0.001800744527190488
321	geno 261	0.0017986139790330776
322	geno 845	0.0017930452194202203
323	geno 188	0.0017900997395940848
324	geno 619	0.0017766610775754304
325	geno 346	0.0017733519999605027
326	geno 40	0.0017696746641917066
327	geno 958	0.0017590023891349532
328	geno 91	0.0017583440349182506
329	geno 268	0.0017514730707509118
330	geno 461	0.0017406449202086907
331	geno 289	0.001729968492587614
332	geno 803	0.0017266486102447405
333	geno 464	0.0017230498387557
334	geno 401	0.001710230089925969
335	geno 408	0.001707361662744366
336	geno 806	0.0016998729774962962
337	geno 186	0.001697873851213727
338	geno 786	0.0016918370024571674
339	geno 393	0.0016789739954280712
340	geno 790	0.0016763608716597123
341	geno 489	0.0016761529926604209
342	geno 112	0.0016680073650130638
343	geno 927	0.001665421664810321
344	geno 758	0.0016637885957328407
345	geno 783	0.001662997559802104
346	geno 637	0.0016589717725795264
347	geno 459	0.0016512950525505745
348	geno 101	0.0016460625780972073
349	geno 901	0.0016403091112600812
350	geno 33	0.0016389505079803558
351	geno 395	0.0016354504299061225
352	geno 64	0.0016333552114272973
353	geno 936	0.0016297145265094365
354	geno 529	0.0016207102853467094
355	geno 417	0.0016203838707089565
356	geno 978	0.001619593117665688
357	geno 389	0.0016109599205753706
358	geno 415	0.001609950018659498
359	geno 103	0.0016060315766061926
360	geno 948	0.001599291992705931
361	geno 766	0.0015866821750482507
362	geno 902	0.001578314268831586
363	geno 116	0.0015767583552736264
364	geno 879	0.001576044554176787
365	geno 735	0.001571521862387112
366	geno 330	0.0015710820709188397
367	geno 13	0.0015641937749958689
368	geno 182	0.0015632747184680454
369	geno 54	0.0015588223419077405
370	geno 398	0.001551153451872437
371	geno 419	0.0015497032751353149
372	geno 332	0.0015493152085697317
373	geno 386	0.001548019817343659
374	geno 571	0.0015451970375056632
375	geno 440	0.0015367820953719777
376	geno 522	0.0015362184886315799
377	geno 540	0.0015347700968078718
378	geno 63	0.0015331207736526515
379	geno 807	0.0015294528714105777
380	geno 150	0.00152669875656013
381	geno 708	0.0015247569722260782
382	geno 709	0.0015224212836974069
383	geno 718	0.0015220529789316173
384	geno 907	0.001521479855706336
385	geno 348	0.001519818142574167
386	geno 372	0.0015133282360256688
387	geno 463	0.0015116178258923797
388	geno 331	0.0015059843325660616
389	geno 446	0.0015009986189214806
390	geno 329	0.0014975820265214538
391	geno 555	0.001496966133088464
392	geno 524	0.0014944424037830202
393	geno 185	0.001489670460455088
394	geno 53	0.0014811083524690766
395	geno 388	0.0014810446492652684
396	geno 963	0.0014735976887835511
397	geno 263	0.0014720734332467386
398	geno 254	0.0014639447769115954
399	geno 960	0.0014502851102187895
400	geno 959	0.0014499201461250402
401	geno 693	0.0014490859728100174
402	geno 629	0.0014482955191870972
403	geno 145	0.0014470257509819888
404	geno 617	0.0014400446419652968
405	geno 422	0.001438989259357991
406	geno 580	0.0014383434038943196
407	geno 802	0.0014304062515855043
408	geno 712	0.0014249175470129078
409	geno 739	0.0014043582269595806
410	geno 898	0.00140259009039705
411	geno 539	0.001400397227430627
412	geno 710	0.0014003186996287007
413	geno 701	0.0013986615289126214
414	geno 354	0.001398314931470488
415	geno 589	0.0013955045398212418
416	geno 400	0.0013946886822148088
417	geno 890	0.0013899426440843246
418	geno 193	0.0013860664708058407
419	geno 549	0.001385208166687211
420	geno 222	0.0013750174499813452
421	geno 102	0.001370300906921783
422	geno 577	0.0013681447308015497
423	geno 941	0.001359419286838093
424	geno 677	0.0013576567678224723
425	geno 518	0.0013549263845384163
426	geno 454	0.0013493639402541318
427	geno 242	0.0013479935501623875
428	geno 665	0.0013393661639895132
429	geno 877	0.001338551522953502
430	geno 904	0.0013359421044156767
431	geno 773	0.0013354659980588993
432	geno 964	0.0013332526200669384
433	geno 269	0.0013271918883678848
434	geno 187	0.001324223514628727
435	geno 566	0.0013234747506712654
436	geno 836	0.0013209210997989125
437	geno 868	0.0013159211807255956
438	geno 819	0.001314547731621499
439	geno 445	0.0013132088861824097
440	geno 639	0.001312222533131304
441	geno 146	0.0013108373247134094
442	geno 711	0.0013104235908573576
443	geno 770	0.0013068120639067242
444	geno 950	0.0013068016150004876
445	geno 884	0.00130144233488305
446	geno 390	0.0013009774916952425
447	geno 460	0.0012927914150532018
448	geno 657	0.0012896067786770215
449	geno 65	0.0012827275616065638
450	geno 736	0.001274374638389354
451	geno 427	0.001269821870243092
452	geno 579	0.0012665826526953904
453	geno 756	0.0012641580909452496
454	geno 438	0.0012570068612493966
455	geno 324	0.0012451720706657006
456	geno 47	0.0012413864943782013
457	geno 646	0.0012168044728460327
458	geno 771	0.001210145204215185
459	geno 914	0.0012088698465280183
460	geno 785	0.0012025879295270241
461	geno 610	0.0011988055091878777
462	geno 742	0.001195053470440194
463	geno 29	0.0011809893582727425
464	geno 827	0.0011789755602891476
465	geno 10	0.0011789693801729873
466	geno 654	0.0011697088263748715
467	geno 325	0.0011688492937955602
468	geno 611	0.0011638510066342552
469	geno 469	0.0011634445058699614
470	geno 809	0.0011553923042958306
471	geno 926	0.0011520041450382428
472	geno 160	0.0011460821851475512
473	geno 133	0.0011457746581352145
474	geno 479	0.0011395696104632615
475	geno 602	0.001135250937035468
476	geno 315	0.0011345364810884195
477	geno 779	0.0011196241322273524
478	geno 88	0.0011188735440538567
479	geno 848	0.0011176574696706667
480	geno 650	0.0011129982134620961
481	geno 355	0.0011058914138168973
482	geno 244	0.0011024429210254468
483	geno 740	0.0010848188911476372
484	geno 307	0.0010833504437760728
485	geno 943	0.0010785839058160209
486	geno 544	0.001077341131934333
487	geno 345	0.0010762939923717187
488	geno 560	0.001074148020005906
489	geno 141	0.0010694879997327844
490	geno 168	0.0010670940956709586
491	geno 205	0.001063945489556167
492	geno 567	0.0010621502504840053
493	geno 74	0.0010611754208103672
494	geno 685	0.0010584997265368752
495	geno 49	0.0010450046703849765
496	geno 668	0.0010447255204566464
497	geno 872	0.0010438901942745203
498	geno 161	0.0010360856132727706
499	geno 284	0.0010170881124989288
500	geno 221	0.0010118637270170267
501	geno 280	0.001008535166732458
502	geno 565	0.0010044576505034973
503	geno 421	0.0010044108382081455
504	geno 503	0.0009968598126509952
505	geno 107	0.0009868233787760873
506	geno 857	0.0009822855155388877
507	geno 511	0.0009614428845485687
508	geno 572	0.0009609184743793873
509	geno 189	0.0009552489862609216
510	geno 875	0.0009508123636405933
511	geno 119	0.000949316293549175
512	geno 61	0.0009462293680026943
513	geno 683	0.0009435956841678644
514	geno 528	0.0009434667839994619
515	geno 547	0.0009421396044581587
516	geno 781	0.0009417723573557254
517	geno 515	0.0009359684864555264
518	geno 929	0.0009327788503020716
519	geno 467	0.0009284563745480335
520	geno 312	0.0009280154611338393
521	geno 368	0.0009246944602347442
522	geno 82	0.0009223994628117469
523	geno 294	0.0009215910429243057
524	geno 999	0.0009123092611743315
525	geno 169	0.0009053197049767802
526	geno 462	0.000904674522372866
527	geno 19	0.000896563478494084
528	geno 795	0.000891138747562606
529	geno 18	0.0008896969264858607
530	geno 968	0.000866728382771905
531	geno 731	0.000861034698676486
532	geno 990	0.0008576117920523193
533	geno 58	0.0008552085227205687
534	geno 979	0.0008532555839388595
535	geno 279	0.000846347170968115
536	geno 16	0.0008420691633368491
537	geno 663	0.0008406153546804723
538	geno 506	0.0008386416851959023
539	geno 883	0.0008311017618144294
540	geno 834	0.0008306138173149054
541	geno 700	0.0008257801466558172
542	geno 62	0.000823753108601871
543	geno 66	0.0008222335502461545
544	geno 596	0.0008212847710708259
545	geno 704	0.0008196856476410464
546	geno 671	0.0008176645114501064
547	geno 134	0.0008147567737968083
548	geno 113	0.0008137441058780258
549	geno 266	0.0008135483221866032
550	geno 721	0.000812737811270405
551	geno 230	0.000811971620656542
552	geno 106	0.0008101970951568555
553	geno 714	0.0008094054546032769
554	geno 977	0.0008090560064933022
555	geno 98	0.0008076922138190796
556	geno 687	0.0007861572727724964
557	geno 895	0.0007788315451674769
558	geno 183	0.0007787288474899786
559	geno 854	0.000778053456438598
560	geno 275	0.000776234424942633
561	geno 131	0.0007734031847050909
562	geno 598	0.0007653555116559035
563	geno 1000	0.0007585743888716119
564	geno 945	0.0007522141765655705
565	geno 326	0.0007471202024506712
566	geno 673	0.0007450646140274289
567	geno 513	0.0007320006959978387
568	geno 111	0.0007315436419326972
569	geno 982	0.0007305629655106525
570	geno 206	0.0007219573428965364
571	geno 805	0.0007201976607158083
572	geno 255	0.0007190989234070131
573	geno 882	0.0007184795320536939
574	geno 535	0.0007129336900955328
575	geno 253	0.0007039679658155152
576	geno 750	0.0007017781580922558
577	geno 210	0.0007002224136500272
578	geno 5	0.0006934941398430863
579	geno 409	0.0006897814653151057
580	geno 915	0.0006880824425076355
581	geno 375	0.0006719579242062949
582	geno 240	0.0006675448982264424
583	geno 612	0.000665615338254727
584	geno 213	0.0006631981121148299
585	geno 491	0.0006622941383860476
586	geno 995	0.0006619865502872129
587	geno 554	0.0006458215884857595
588	geno 290	0.0006438314087262552
589	geno 843	0.0006406222464479718
590	geno 859	0.0006373894126768516
591	geno 155	0.0006368129529446096
592	geno 236	0.000636135077854597
593	geno 285	0.000627668668131308
594	geno 175	0.000622293276818949
595	geno 392	0.0006172753019546806
596	geno 720	0.0006114369600711207
597	geno 184	0.0006024259660236102
598	geno 22	0.0006014930343172169
599	geno 829	0.0005929328409919124
600	geno 526	0.0005898184708440045
601	geno 614	0.0005885991984814606
602	geno 287	0.0005860240591483618
603	geno 320	0.0005824653706723455
604	geno 870	0.000581114740145139
605	geno 876	0.0005787256254230177
606	geno 676	0.0005678461357403417
607	geno 912	0.0005677584023122844
608	geno 292	0.0005633729478598374
609	geno 512	0.0005597369108899257
610	geno 25	0.0005571046891440794
611	geno 996	0.0005485308928583468
612	geno 140	0.0005482948240555572
613	geno 723	0.0005463256461840224
614	geno 81	0.0005375764579118526
615	geno 675	0.0005362478331733094
616	geno 67	0.000530327230906383
617	geno 295	0.0005244810558789894
618	geno 562	0.0005140490344091812
619	geno 988	0.0005124764955227342
620	geno 353	0.0005018923212658891
621	geno 813	0.0004917821603518873
622	geno 99	0.0004884594996886445
623	geno 297	0.0004746966327482348
624	geno 110	0.00047119268109886524
625	geno 850	0.0004696735987871455
626	geno 556	0.0004654298072430523
627	geno 861	0.0004538318417996888
628	geno 241	0.00044990127000481435
629	geno 874	0.00044958672655078696
630	geno 603	0.00044872924805637143
631	geno 314	0.00044841273785767787
632	geno 147	0.0004480424329042754
633	geno 104	0.0004473612226923295
634	geno 41	0.00043840696231086377
635	geno 151	0.0004152040145973113
636	geno 853	0.0004034522461819446
637	geno 352	0.00040258685768123617
638	geno 311	0.000395961294511715
639	geno 385	0.00039582965385459785
640	geno 760	0.0003915115609652669
641	geno 688	0.00037675178676715743
642	geno 519	0.00037516878178652733
643	geno 896	0.00036628220601698835
644	geno 545	0.0003660687010201742
645	geno 177	0.00036284329614830863
646	geno 674	0.00035429118358342663
647	geno 52	0.00035042605620834997
648	geno 200	0.0003466689139411042
649	geno 729	0.00034530510096969085
650	geno 989	0.0003411191624463417
651	geno 304	0.00033548100941681617
652	geno 804	0.0003334542601906032
653	geno 4	0.0003319551434019914
654	geno 678	0.00032962177087146344
655	geno 480	0.0003246893158717325
656	geno 516	0.00032399533549162205
657	geno 808	0.0003169146584702565
658	geno 425	0.0003097562334812495
659	geno 507	0.0003096496837714796
660	geno 573	0.0003083966301315168
661	geno 869	0.00030404892232704884
662	geno 179	0.00030309492580610827
663	geno 550	0.00030306962387402877
664	geno 696	0.0003015290383448286
665	geno 993	0.00029455811864544486
666	geno 705	0.0002921400396007325
667	geno 559	0.0002872581473573256
668	geno 754	0.0002849643611053878
669	geno 224	0.00028195493862844516
670	geno 862	0.0002748035871995069
671	geno 847	0.0002597518318527183
672	geno 87	0.00024106791693568903
673	geno 196	0.00024048736575365303
674	geno 351	0.00022941242033088248
675	geno 487	0.00022532772977645042
676	geno 223	0.0002252237418210105
677	geno 474	0.00021159740635935478
678	geno 310	0.00020766673915785462
679	geno 303	0.00020542950339886247
680	geno 997	0.0002035511373011025
681	geno 257	0.00019934800444528864
682	geno 651	0.00019840300224277594
683	geno 922	0.00019700656723295988
684	geno 864	0.00019290828501480184
685	geno 127	0.00019274463767131732
686	geno 849	0.00017928333943813962
687	geno 260	0.00017904534459445095
688	geno 1	0.00017268799823203114
689	geno 9	0.0001709360502056836
690	geno 57	0.000156956251906015
691	geno 43	0.00015304588284014282
692	geno 458	0.0001499401924634304
693	geno 856	0.00012655780003367363
694	geno 191	0.0001204222144626848
695	geno 264	0.0001158547486626873
696	geno 751	0.00011535357506299351
697	geno 282	0.00010868645735978925
698	geno 659	0.00010818677857631632
699	geno 360	0.00010737058756093821
700	geno 935	0.00010214951947380975
701	geno 306	0.00010064828408138292
702	geno 313	0.0001000344726798289
703	geno 910	0.00010002109357801065
704	geno 660	0.00010001244185763447
705	geno 100	0.00010000166068610602
706	geno 994	0.0
707	geno 986	0.0
708	geno 961	0.0
709	geno 955	0.0
710	geno 919	0.0
711	geno 903	0.0
712	geno 899	0.0
713	geno 891	0.0
714	geno 83	0.0
715	geno 812	0.0
716	geno 793	0.0
717	geno 741	0.0
718	geno 733	0.0
719	geno 686	0.0
720	geno 667	0.0
721	geno 645	0.0
722	geno 641	0.0
723	geno 6	0.0
724	geno 551	0.0
725	geno 55	0.0
726	geno 527	0.0
727	geno 468	0.0
728	geno 466	0.0
729	geno 45	0.0
730	geno 426	0.0
731	geno 391	0.0
732	geno 380	0.0
733	geno 376	0.0
734	geno 338	0.0
735	geno 337	0.0
736	geno 333	0.0
737	geno 317	0.0
738	geno 31	0.0
739	geno 26	0.0
740	geno 252	0.0
741	geno 220	0.0
742	geno 211	0.0
743	geno 142	0.0
744	geno 130	0.0
745	geno 197	-0.00010756257515819718
746	geno 370	-0.000111319926365671
747	geno 302	-0.000118988434048128
748	geno 228	-0.00011964005008669492
749	geno 967	-0.00012134842502286275
750	geno 578	-0.0001228809204457918
751	geno 357	-0.00012395334436493454
752	geno 684	-0.00012822640179482774
753	geno 763	-0.00012942373065838835
754	geno 495	-0.00013142466147518059
755	geno 136	-0.0001413816709305767
756	geno 476	-0.00014147665931349713
757	geno 347	-0.00014332450809831853
758	geno 77	-0.00014939347930221754
759	geno 780	-0.00016301808110631867
760	geno 574	-0.00017022528399685246
761	geno 235	-0.00017199816497775498
762	geno 316	-0.00017220365910036915
763	geno 358	-0.0001874190916293183
764	geno 987	-0.00018924124868740383
765	geno 590	-0.00019752615756554926
766	geno 998	-0.00021270608381679924
767	geno 835	-0.00021736626840521231
768	geno 985	-0.0002206618413532741
769	geno 605	-0.00022251611382908778
770	geno 832	-0.00023115433748037087
771	geno 980	-0.00023165143444006442
772	geno 792	-0.00023461216283655406
773	geno 966	-0.0002346233736574449
774	geno 546	-0.00023500464612658743
775	geno 992	-0.00023649686218340987
776	geno 563	-0.00023729166268144104
777	geno 233	-0.0002388357974267297
778	geno 744	-0.00025492597365930973
779	geno 296	-0.00027071858908179423
780	geno 837	-0.0002734715304913788
781	geno 327	-0.0002758585627883147
782	geno 510	-0.00027964661046753675
783	geno 339	-0.00029049037742115343
784	geno 51	-0.0002931016389818697
785	geno 207	-0.0002956314769604404
786	geno 364	-0.0003126142955212889
787	geno 181	-0.00031272655563179284
788	geno 73	-0.0003147195227130981
789	geno 138	-0.0003181457334712434
790	geno 983	-0.00033264315943417526
791	geno 537	-0.00033264600996590855
792	geno 953	-0.00033567014207669155
793	geno 165	-0.00034029481593366893
794	geno 867	-0.00034902232231125635
795	geno 17	-0.0003648129320533429
796	geno 152	-0.00036742115477485807
797	geno 599	-0.0003677662214905665
798	geno 649	-0.0003812121997879783
799	geno 298	-0.0003854157050075124
800	geno 981	-0.00039590295754474635
801	geno 497	-0.00040043784115527793
802	geno 11	-0.00040181585286284206
803	geno 256	-0.0004030532317548556
804	geno 962	-0.0004116907088489908
805	geno 738	-0.0004164670785089449
806	geno 494	-0.0004229890246841125
807	geno 626	-0.0004320058621411304
808	geno 548	-0.0004348405907527797
809	geno 12	-0.00044626221840627235
810	geno 259	-0.0004476011859289982
811	geno 399	-0.0004517697326422674
812	geno 318	-0.00045178337262577917
813	geno 135	-0.0004570065288474018
814	geno 365	-0.00046571815021621355
815	geno 713	-0.0004892610687991636
816	geno 490	-0.0004902642048739026
817	geno 661	-0.0005119232948792641
818	geno 59	-0.0005153579533810179
819	geno 669	-0.0005237952452467554
820	geno 56	-0.0005277340439618435
821	geno 811	-0.0005306071415893588
822	geno 71	-0.0005549050474627476
823	geno 231	-0.000555731433957119
824	geno 3	-0.0005566713847782293
825	geno 174	-0.0005671268558909096
826	geno 322	-0.0005702113527751196
827	geno 656	-0.0005706301915773485
828	geno 582	-0.0005768701161248022
829	geno 568	-0.0005779095920770765
830	geno 984	-0.0005782329605888622
831	geno 991	-0.0005824591220090068
832	geno 897	-0.0005866490622533001
833	geno 359	-0.0005910341672673955
834	geno 482	-0.0006018904411895022
835	geno 520	-0.0006032624554228598
836	geno 109	-0.0006165346415514839
837	geno 118	-0.0006273518288785837
838	geno 93	-0.0006336635880310262
839	geno 80	-0.0006350936890261126
840	geno 944	-0.0006372270098399791
841	geno 726	-0.0006417505011740674
842	geno 698	-0.0006503041777901668
843	geno 225	-0.0006550235133311705
844	geno 144	-0.0006605232329284134
845	geno 382	-0.0006657766423345846
846	geno 655	-0.0006711929619672501
847	geno 149	-0.0006766413591601066
848	geno 636	-0.00070777604526033
849	geno 23	-0.0007151887228876241
850	geno 60	-0.0007216373847943905
851	geno 920	-0.0007221669519794123
852	geno 262	-0.0007224869447028056
853	geno 586	-0.0007244818506002716
854	geno 172	-0.0007246519278343273
855	geno 120	-0.0007415774432974565
856	geno 335	-0.0007496853967546143
857	geno 30	-0.0007530662583368464
858	geno 753	-0.0007541684428420731
859	geno 143	-0.0007589833895512344
860	geno 250	-0.0007594374036134351
861	geno 500	-0.0007890780772766784
862	geno 198	-0.0008129673390225035
863	geno 299	-0.0008145060455956466
864	geno 340	-0.0008180996835676901
865	geno 75	-0.0008195252834750608
866	geno 251	-0.0008244992704241629
867	geno 453	-0.0008438523360871025
868	geno 278	-0.0008626057826545516
869	geno 157	-0.0008664575554592303
870	geno 301	-0.0008885738843586729
871	geno 885	-0.000889960425690418
872	geno 132	-0.0008963701239065111
873	geno 719	-0.0009003532280127891
874	geno 909	-0.0009051204015050144
875	geno 78	-0.0009078349810651288
876	geno 203	-0.0009108014675597002
877	geno 137	-0.000912508268197284
878	geno 886	-0.0009148132136185216
879	geno 747	-0.0009163030934561926
880	geno 249	-0.0009419492717868811
881	geno 381	-0.000945503344366154
882	geno 757	-0.0009609431126332308
883	geno 350	-0.0009659334482546838
884	geno 374	-0.0009810582226672641
885	geno 243	-0.00099739138218415
886	geno 217	-0.0009985575839904439
887	geno 924	-0.0010070201764440592
888	geno 247	-0.0010092954634377447
889	geno 305	-0.0010179267719462991
890	geno 534	-0.0010204383530467045
891	geno 951	-0.0010406286043506316
892	geno 504	-0.0010602956043458053
893	geno 216	-0.0010711009801621328
894	geno 838	-0.0011057466357684339
895	geno 265	-0.001114596150335688
896	geno 50	-0.0011267433309375236
897	geno 190	-0.0011389525126818453
898	geno 530	-0.0011442072722671448
899	geno 226	-0.0011468920023847396
900	geno 888	-0.0011473431804017963
901	geno 148	-0.0011486923463504318
902	geno 715	-0.001174561699341909
903	geno 273	-0.0011824547669605431
904	geno 394	-0.001185230863325074
905	geno 378	-0.001190496899420575
906	geno 457	-0.001193699001051191
907	geno 121	-0.0012076624862138938
908	geno 92	-0.0012251100306888238
909	geno 956	-0.0012310963735746585
910	geno 245	-0.001236120285175298
911	geno 477	-0.0012528235259007825
912	geno 343	-0.0012591639151899171
913	geno 105	-0.001264512520358539
914	geno 209	-0.00127537531322842
915	geno 501	-0.0012755515846662193
916	geno 8	-0.0012783567138432074
917	geno 270	-0.0012851714401629294
918	geno 208	-0.0012953631667447139
919	geno 70	-0.0013088055883957686
920	geno 300	-0.0013420883850095897
921	geno 367	-0.0013471168357337103
922	geno 923	-0.0013475359691116702
923	geno 180	-0.0013499101095208576
924	geno 229	-0.001380931677727322
925	geno 125	-0.001386980852476892
926	geno 475	-0.0013962680074330236
927	geno 502	-0.0013990906682719035
928	geno 873	-0.0014009923041234087
929	geno 379	-0.001410832895024748
930	geno 162	-0.001412593605242549
931	geno 167	-0.0014128485370796424
932	geno 281	-0.0014330524783597387
933	geno 444	-0.0014403174829591672
934	geno 748	-0.00145678737466992
935	geno 889	-0.0014574566905674307
936	geno 954	-0.001483118206803687
937	geno 7	-0.001500678571334769
938	geno 293	-0.001506775972197302
939	geno 277	-0.001512417163710925
940	geno 173	-0.0015286881326263479
941	geno 283	-0.0015350508571955962
942	geno 576	-0.0015770612570230474
943	geno 79	-0.0016039266155070896
944	geno 42	-0.001623757772829434
945	geno 139	-0.0016340145345333432
946	geno 238	-0.0016523269572291822
947	geno 194	-0.0016581555767304899
948	geno 232	-0.0016702702053209648
949	geno 627	-0.001709769841958964
950	geno 383	-0.0017114658477832972
951	geno 117	-0.0017125261466571663
952	geno 219	-0.0017192068114232572
953	geno 126	-0.0017235089429466569
954	geno 178	-0.0017485291807467298
955	geno 84	-0.001793853879387419
956	geno 276	-0.0017975347774520669
957	geno 258	-0.0018056844612897476
958	geno 356	-0.0018127564431527899
959	geno 166	-0.0018165887600469503
960	geno 128	-0.0018209659174020514
961	geno 158	-0.0018214458694915416
962	geno 286	-0.0018252046143727085
963	geno 764	-0.0018821909984683156
964	geno 349	-0.0019044427028351736
965	geno 377	-0.0019044786575733567
966	geno 202	-0.0019170252222973736
967	geno 129	-0.0019224724007969628
968	geno 344	-0.0019454980605534949
969	geno 570	-0.001960021162115929
970	geno 369	-0.0019973101190246495
971	geno 72	-0.002068609580880884
972	geno 34	-0.0021047794520396043
973	geno 195	-0.0021453878406770964
974	geno 496	-0.0021698331408142816
975	geno 341	-0.002182131347501566
976	geno 156	-0.0022336963265438214
977	geno 328	-0.002236377262276629
978	geno 274	-0.0023192749474436492
979	geno 199	-0.0023526633668192517
980	geno 384	-0.002354327655484397
981	geno 569	-0.0024006946230105304
982	geno 239	-0.0024136390250330073
983	geno 115	-0.0025328978962494805
984	geno 361	-0.0025493490050023586
985	geno 498	-0.002634560245220393
986	geno 204	-0.002688056164963279
987	geno 658	-0.002771698382077043
988	geno 863	-0.002773698934334493
989	geno 237	-0.002807436641898263
990	geno 114	-0.0029302731594856527
991	geno 737	-0.002991506737307796
992	geno 499	-0.0030861327215584823
993	geno 201	-0.0033814626468466726
994	geno 248	-0.0034412134655554694
995	geno 336	-0.003617443149901103
996	geno 851	-0.003705201961556958
997	geno 86	-0.0038281181069094515
998	geno 85	-0.004494152703903992
999	geno 342	-0.004641912625469441
1000	geno 852	-0.005947650210403914
